{"level":"info","message":"server is listening on the port 3008","timestamp":"08-05-2026 02:54:18","correlationId":"unknown-error-while-creating-correlation-id","data":{}}
{"level":"info","message":"Connected to mongodb successfully","timestamp":"08-05-2026 02:54:18","correlationId":"unknown-error-while-creating-correlation-id","data":{}}
{"level":"info","message":"Database connection established successfully","timestamp":"08-05-2026 02:54:18","correlationId":"unknown-error-while-creating-correlation-id","data":{}}
{"level":"info","message":"server is listening on the port 3008","timestamp":"08-05-2026 02:56:11","correlationId":"unknown-error-while-creating-correlation-id","data":{}}
{"level":"info","message":"Connected to mongodb successfully","timestamp":"08-05-2026 02:56:11","correlationId":"unknown-error-while-creating-correlation-id","data":{}}
{"level":"info","message":"Database connection established successfully","timestamp":"08-05-2026 02:56:11","correlationId":"unknown-error-while-creating-correlation-id","data":{}}
{"level":"info","message":"server is listening on the port 3008","timestamp":"08-05-2026 02:56:21","correlationId":"unknown-error-while-creating-correlation-id","data":{}}
{"level":"info","message":"Connected to mongodb successfully","timestamp":"08-05-2026 02:56:21","correlationId":"unknown-error-while-creating-correlation-id","data":{}}
{"level":"info","message":"Database connection established successfully","timestamp":"08-05-2026 02:56:21","correlationId":"unknown-error-while-creating-correlation-id","data":{}}
{"level":"info","message":"server is listening on the port 3008","timestamp":"08-05-2026 02:56:28","correlationId":"unknown-error-while-creating-correlation-id","data":{}}
{"level":"info","message":"Connected to mongodb successfully","timestamp":"08-05-2026 02:56:28","correlationId":"unknown-error-while-creating-correlation-id","data":{}}
{"level":"info","message":"Database connection established successfully","timestamp":"08-05-2026 02:56:28","correlationId":"unknown-error-while-creating-correlation-id","data":{}}
{"level":"warn","message":"MongoDB disconnected","timestamp":"08-05-2026 02:56:33","correlationId":"unknown-error-while-creating-correlation-id","data":{}}
{"level":"info","message":"server is listening on the port 3008","timestamp":"08-05-2026 15:07:41","correlationId":"unknown-error-while-creating-correlation-id","data":{}}
{"level":"info","message":"Connected to mongodb successfully","timestamp":"08-05-2026 15:07:41","correlationId":"unknown-error-while-creating-correlation-id","data":{}}
{"level":"info","message":"Database connection established successfully","timestamp":"08-05-2026 15:07:41","correlationId":"unknown-error-while-creating-correlation-id","data":{}}
{"level":"info","message":"server is listening on the port 3008","timestamp":"08-05-2026 15:08:10","correlationId":"unknown-error-while-creating-correlation-id","data":{}}
{"level":"error","message":"Redis connection error","timestamp":"08-05-2026 15:08:10","correlationId":"unknown-error-while-creating-correlation-id","data":{"code":"ECONNREFUSED","stack":"AggregateError\n    at internalConnectMultiple (node:net:1193:18)\n    at afterConnectMultiple (node:net:1783:7)"}}
{"level":"info","message":"Connected to mongodb successfully","timestamp":"08-05-2026 15:08:10","correlationId":"unknown-error-while-creating-correlation-id","data":{}}
{"level":"info","message":"Database connection established successfully","timestamp":"08-05-2026 15:08:10","correlationId":"unknown-error-while-creating-correlation-id","data":{}}
{"level":"error","message":"Redis connection error","timestamp":"08-05-2026 15:08:11","correlationId":"unknown-error-while-creating-correlation-id","data":{"code":"ECONNREFUSED","stack":"AggregateError\n    at internalConnectMultiple (node:net:1193:18)\n    at afterConnectMultiple (node:net:1783:7)"}}
{"level":"error","message":"Redis connection error","timestamp":"08-05-2026 15:08:11","correlationId":"unknown-error-while-creating-correlation-id","data":{"code":"ECONNREFUSED","stack":"AggregateError\n    at internalConnectMultiple (node:net:1193:18)\n    at afterConnectMultiple (node:net:1783:7)"}}
{"level":"error","message":"Redis connection error","timestamp":"08-05-2026 15:08:11","correlationId":"unknown-error-while-creating-correlation-id","data":{"code":"ECONNREFUSED","stack":"AggregateError\n    at internalConnectMultiple (node:net:1193:18)\n    at afterConnectMultiple (node:net:1783:7)"}}
{"level":"error","message":"Redis connection error","timestamp":"08-05-2026 15:08:12","correlationId":"unknown-error-while-creating-correlation-id","data":{"code":"ECONNREFUSED","stack":"AggregateError\n    at internalConnectMultiple (node:net:1193:18)\n    at afterConnectMultiple (node:net:1783:7)"}}
{"level":"info","message":"server is listening on the port 3008","timestamp":"08-05-2026 15:08:18","correlationId":"unknown-error-while-creating-correlation-id","data":{}}
{"level":"error","message":"Redis connection error","timestamp":"08-05-2026 15:08:18","correlationId":"unknown-error-while-creating-correlation-id","data":{"code":"ECONNREFUSED","stack":"AggregateError\n    at internalConnectMultiple (node:net:1193:18)\n    at afterConnectMultiple (node:net:1783:7)"}}
{"level":"info","message":"Connected to mongodb successfully","timestamp":"08-05-2026 15:08:18","correlationId":"unknown-error-while-creating-correlation-id","data":{}}
{"level":"info","message":"Database connection established successfully","timestamp":"08-05-2026 15:08:18","correlationId":"unknown-error-while-creating-correlation-id","data":{}}
{"level":"error","message":"Redis connection error","timestamp":"08-05-2026 15:08:18","correlationId":"unknown-error-while-creating-correlation-id","data":{"code":"ECONNREFUSED","stack":"AggregateError\n    at internalConnectMultiple (node:net:1193:18)\n    at afterConnectMultiple (node:net:1783:7)"}}
{"level":"error","message":"Redis connection error","timestamp":"08-05-2026 15:08:19","correlationId":"unknown-error-while-creating-correlation-id","data":{"code":"ECONNREFUSED","stack":"AggregateError\n    at internalConnectMultiple (node:net:1193:18)\n    at afterConnectMultiple (node:net:1783:7)"}}
{"level":"error","message":"Redis connection error","timestamp":"08-05-2026 15:08:19","correlationId":"unknown-error-while-creating-correlation-id","data":{"code":"ECONNREFUSED","stack":"AggregateError\n    at internalConnectMultiple (node:net:1193:18)\n    at afterConnectMultiple (node:net:1783:7)"}}
{"level":"error","message":"Redis connection error","timestamp":"08-05-2026 15:08:19","correlationId":"unknown-error-while-creating-correlation-id","data":{"code":"ECONNREFUSED","stack":"AggregateError\n    at internalConnectMultiple (node:net:1193:18)\n    at afterConnectMultiple (node:net:1783:7)"}}
{"level":"error","message":"Redis connection error","timestamp":"08-05-2026 15:08:20","correlationId":"unknown-error-while-creating-correlation-id","data":{"code":"ECONNREFUSED","stack":"AggregateError\n    at internalConnectMultiple (node:net:1193:18)\n    at afterConnectMultiple (node:net:1783:7)"}}
{"level":"error","message":"Redis connection error","timestamp":"08-05-2026 15:08:22","correlationId":"unknown-error-while-creating-correlation-id","data":{"code":"ECONNREFUSED","stack":"AggregateError\n    at internalConnectMultiple (node:net:1193:18)\n    at afterConnectMultiple (node:net:1783:7)"}}
{"level":"error","message":"Redis connection error","timestamp":"08-05-2026 15:08:25","correlationId":"unknown-error-while-creating-correlation-id","data":{"code":"ECONNREFUSED","stack":"AggregateError\n    at internalConnectMultiple (node:net:1193:18)\n    at afterConnectMultiple (node:net:1783:7)"}}
{"level":"error","message":"Redis connection error","timestamp":"08-05-2026 15:08:31","correlationId":"unknown-error-while-creating-correlation-id","data":{"code":"ECONNREFUSED","stack":"AggregateError\n    at internalConnectMultiple (node:net:1193:18)\n    at afterConnectMultiple (node:net:1783:7)"}}
{"level":"error","message":"Redis connection error","timestamp":"08-05-2026 15:08:36","correlationId":"unknown-error-while-creating-correlation-id","data":{"code":"ECONNREFUSED","stack":"AggregateError\n    at internalConnectMultiple (node:net:1193:18)\n    at afterConnectMultiple (node:net:1783:7)"}}
{"level":"error","message":"Redis connection error","timestamp":"08-05-2026 15:08:41","correlationId":"unknown-error-while-creating-correlation-id","data":{"code":"ECONNREFUSED","stack":"AggregateError\n    at internalConnectMultiple (node:net:1193:18)\n    at afterConnectMultiple (node:net:1783:7)"}}
{"level":"error","message":"Redis connection error","timestamp":"08-05-2026 15:08:46","correlationId":"unknown-error-while-creating-correlation-id","data":{"code":"ECONNREFUSED","stack":"AggregateError\n    at internalConnectMultiple (node:net:1193:18)\n    at afterConnectMultiple (node:net:1783:7)"}}
{"level":"error","message":"Redis connection error","timestamp":"08-05-2026 15:08:51","correlationId":"unknown-error-while-creating-correlation-id","data":{"code":"ECONNREFUSED","stack":"AggregateError\n    at internalConnectMultiple (node:net:1193:18)\n    at afterConnectMultiple (node:net:1783:7)"}}
{"level":"error","message":"Redis connection error","timestamp":"08-05-2026 15:08:56","correlationId":"unknown-error-while-creating-correlation-id","data":{"code":"ECONNREFUSED","stack":"AggregateError\n    at internalConnectMultiple (node:net:1193:18)\n    at afterConnectMultiple (node:net:1783:7)"}}
{"level":"error","message":"Redis connection error","timestamp":"08-05-2026 15:09:01","correlationId":"unknown-error-while-creating-correlation-id","data":{"code":"ECONNREFUSED","stack":"AggregateError\n    at internalConnectMultiple (node:net:1193:18)\n    at afterConnectMultiple (node:net:1783:7)"}}
{"level":"error","message":"Redis connection error","timestamp":"08-05-2026 15:09:06","correlationId":"unknown-error-while-creating-correlation-id","data":{"code":"ECONNREFUSED","stack":"AggregateError\n    at internalConnectMultiple (node:net:1193:18)\n    at afterConnectMultiple (node:net:1783:7)"}}
{"level":"error","message":"Redis connection error","timestamp":"08-05-2026 15:09:11","correlationId":"unknown-error-while-creating-correlation-id","data":{"code":"ECONNREFUSED","stack":"AggregateError\n    at internalConnectMultiple (node:net:1193:18)\n    at afterConnectMultiple (node:net:1783:7)"}}
{"level":"error","message":"Redis connection error","timestamp":"08-05-2026 15:09:16","correlationId":"unknown-error-while-creating-correlation-id","data":{"code":"ECONNREFUSED","stack":"AggregateError\n    at internalConnectMultiple (node:net:1193:18)\n    at afterConnectMultiple (node:net:1783:7)"}}
{"level":"error","message":"Redis connection error","timestamp":"08-05-2026 15:09:21","correlationId":"unknown-error-while-creating-correlation-id","data":{"code":"ECONNREFUSED","stack":"AggregateError\n    at internalConnectMultiple (node:net:1193:18)\n    at afterConnectMultiple (node:net:1783:7)"}}
{"level":"error","message":"Redis connection error","timestamp":"08-05-2026 15:09:26","correlationId":"unknown-error-while-creating-correlation-id","data":{"code":"ECONNREFUSED","stack":"AggregateError\n    at internalConnectMultiple (node:net:1193:18)\n    at afterConnectMultiple (node:net:1783:7)"}}
{"level":"error","message":"Redis connection error","timestamp":"08-05-2026 15:09:32","correlationId":"unknown-error-while-creating-correlation-id","data":{"code":"ECONNREFUSED","stack":"AggregateError\n    at internalConnectMultiple (node:net:1193:18)\n    at afterConnectMultiple (node:net:1783:7)"}}
{"level":"error","message":"Redis connection error","timestamp":"08-05-2026 15:09:37","correlationId":"unknown-error-while-creating-correlation-id","data":{"code":"ECONNREFUSED","stack":"AggregateError\n    at internalConnectMultiple (node:net:1193:18)\n    at afterConnectMultiple (node:net:1783:7)"}}
{"level":"error","message":"Redis connection error","timestamp":"08-05-2026 15:09:42","correlationId":"unknown-error-while-creating-correlation-id","data":{"code":"ECONNREFUSED","stack":"AggregateError\n    at internalConnectMultiple (node:net:1193:18)\n    at afterConnectMultiple (node:net:1783:7)"}}
{"level":"error","message":"Redis connection error","timestamp":"08-05-2026 15:09:47","correlationId":"unknown-error-while-creating-correlation-id","data":{"code":"ECONNREFUSED","stack":"AggregateError\n    at internalConnectMultiple (node:net:1193:18)\n    at afterConnectMultiple (node:net:1783:7)"}}
{"level":"error","message":"Redis connection error","timestamp":"08-05-2026 15:09:52","correlationId":"unknown-error-while-creating-correlation-id","data":{"code":"ECONNREFUSED","stack":"AggregateError\n    at internalConnectMultiple (node:net:1193:18)\n    at afterConnectMultiple (node:net:1783:7)"}}
{"level":"info","message":"server is listening on the port 3008","timestamp":"08-05-2026 15:09:57","correlationId":"unknown-error-while-creating-correlation-id","data":{}}
{"level":"error","message":"Redis connection error","timestamp":"08-05-2026 15:09:57","correlationId":"unknown-error-while-creating-correlation-id","data":{"code":"ECONNREFUSED","stack":"AggregateError\n    at internalConnectMultiple (node:net:1193:18)\n    at afterConnectMultiple (node:net:1783:7)"}}
{"level":"info","message":"Connected to mongodb successfully","timestamp":"08-05-2026 15:09:57","correlationId":"unknown-error-while-creating-correlation-id","data":{}}
{"level":"info","message":"Database connection established successfully","timestamp":"08-05-2026 15:09:57","correlationId":"unknown-error-while-creating-correlation-id","data":{}}
{"level":"error","message":"Redis connection error","timestamp":"08-05-2026 15:09:57","correlationId":"unknown-error-while-creating-correlation-id","data":{"code":"ECONNREFUSED","stack":"AggregateError\n    at internalConnectMultiple (node:net:1193:18)\n    at afterConnectMultiple (node:net:1783:7)"}}
{"level":"error","message":"Redis connection error","timestamp":"08-05-2026 15:09:57","correlationId":"unknown-error-while-creating-correlation-id","data":{"code":"ECONNREFUSED","stack":"AggregateError\n    at internalConnectMultiple (node:net:1193:18)\n    at afterConnectMultiple (node:net:1783:7)"}}
{"level":"error","message":"Redis connection error","timestamp":"08-05-2026 15:09:57","correlationId":"unknown-error-while-creating-correlation-id","data":{"code":"ECONNREFUSED","stack":"AggregateError\n    at internalConnectMultiple (node:net:1193:18)\n    at afterConnectMultiple (node:net:1783:7)"}}
{"level":"error","message":"Redis connection error","timestamp":"08-05-2026 15:09:58","correlationId":"unknown-error-while-creating-correlation-id","data":{"code":"ECONNREFUSED","stack":"AggregateError\n    at internalConnectMultiple (node:net:1193:18)\n    at afterConnectMultiple (node:net:1783:7)"}}
{"level":"error","message":"Redis connection error","timestamp":"08-05-2026 15:09:59","correlationId":"unknown-error-while-creating-correlation-id","data":{"code":"ECONNREFUSED","stack":"AggregateError\n    at internalConnectMultiple (node:net:1193:18)\n    at afterConnectMultiple (node:net:1783:7)"}}
{"level":"info","message":"server is listening on the port 3008","timestamp":"08-05-2026 15:10:40","correlationId":"unknown-error-while-creating-correlation-id","data":{}}
{"level":"error","message":"Redis connection error","timestamp":"08-05-2026 15:10:40","correlationId":"unknown-error-while-creating-correlation-id","data":{"code":"ECONNREFUSED","stack":"AggregateError\n    at internalConnectMultiple (node:net:1193:18)\n    at afterConnectMultiple (node:net:1783:7)"}}
{"level":"info","message":"Connected to mongodb successfully","timestamp":"08-05-2026 15:10:40","correlationId":"unknown-error-while-creating-correlation-id","data":{}}
{"level":"info","message":"Database connection established successfully","timestamp":"08-05-2026 15:10:40","correlationId":"unknown-error-while-creating-correlation-id","data":{}}
{"level":"error","message":"Redis connection error","timestamp":"08-05-2026 15:10:40","correlationId":"unknown-error-while-creating-correlation-id","data":{"code":"ECONNREFUSED","stack":"AggregateError\n    at internalConnectMultiple (node:net:1193:18)\n    at afterConnectMultiple (node:net:1783:7)"}}
{"level":"error","message":"Redis connection error","timestamp":"08-05-2026 15:10:40","correlationId":"unknown-error-while-creating-correlation-id","data":{"code":"ECONNREFUSED","stack":"AggregateError\n    at internalConnectMultiple (node:net:1193:18)\n    at afterConnectMultiple (node:net:1783:7)"}}
{"level":"error","message":"Redis connection error","timestamp":"08-05-2026 15:10:41","correlationId":"unknown-error-while-creating-correlation-id","data":{"code":"ECONNREFUSED","stack":"AggregateError\n    at internalConnectMultiple (node:net:1193:18)\n    at afterConnectMultiple (node:net:1783:7)"}}
{"level":"error","message":"Redis connection error","timestamp":"08-05-2026 15:10:41","correlationId":"unknown-error-while-creating-correlation-id","data":{"code":"ECONNREFUSED","stack":"AggregateError\n    at internalConnectMultiple (node:net:1193:18)\n    at afterConnectMultiple (node:net:1783:7)"}}
{"level":"error","message":"Redis connection error","timestamp":"08-05-2026 15:10:42","correlationId":"unknown-error-while-creating-correlation-id","data":{"code":"ECONNREFUSED","stack":"AggregateError\n    at internalConnectMultiple (node:net:1193:18)\n    at afterConnectMultiple (node:net:1783:7)"}}
{"level":"error","message":"Redis connection error","timestamp":"08-05-2026 15:10:44","correlationId":"unknown-error-while-creating-correlation-id","data":{"code":"ECONNREFUSED","stack":"AggregateError\n    at internalConnectMultiple (node:net:1193:18)\n    at afterConnectMultiple (node:net:1783:7)"}}
{"level":"error","message":"Redis connection error","timestamp":"08-05-2026 15:10:47","correlationId":"unknown-error-while-creating-correlation-id","data":{"code":"ECONNREFUSED","stack":"AggregateError\n    at internalConnectMultiple (node:net:1193:18)\n    at afterConnectMultiple (node:net:1783:7)"}}
{"level":"error","message":"Redis connection error","timestamp":"08-05-2026 15:10:52","correlationId":"unknown-error-while-creating-correlation-id","data":{"code":"ECONNREFUSED","stack":"AggregateError\n    at internalConnectMultiple (node:net:1193:18)\n    at afterConnectMultiple (node:net:1783:7)"}}
{"level":"error","message":"Redis connection error","timestamp":"08-05-2026 15:10:57","correlationId":"unknown-error-while-creating-correlation-id","data":{"code":"ECONNREFUSED","stack":"AggregateError\n    at internalConnectMultiple (node:net:1193:18)\n    at afterConnectMultiple (node:net:1783:7)"}}
{"level":"error","message":"Redis connection error","timestamp":"08-05-2026 15:11:02","correlationId":"unknown-error-while-creating-correlation-id","data":{"code":"ECONNREFUSED","stack":"AggregateError\n    at internalConnectMultiple (node:net:1193:18)\n    at afterConnectMultiple (node:net:1783:7)"}}
{"level":"error","message":"Redis connection error","timestamp":"08-05-2026 15:11:07","correlationId":"unknown-error-while-creating-correlation-id","data":{"code":"ECONNREFUSED","stack":"AggregateError\n    at internalConnectMultiple (node:net:1193:18)\n    at afterConnectMultiple (node:net:1783:7)"}}
{"level":"info","message":"server is listening on the port 3008","timestamp":"08-05-2026 15:11:34","correlationId":"unknown-error-while-creating-correlation-id","data":{}}
{"level":"error","message":"Redis connection error","timestamp":"08-05-2026 15:11:34","correlationId":"unknown-error-while-creating-correlation-id","data":{"code":"ECONNREFUSED","stack":"AggregateError\n    at internalConnectMultiple (node:net:1193:18)\n    at afterConnectMultiple (node:net:1783:7)"}}
{"level":"info","message":"Connected to mongodb successfully","timestamp":"08-05-2026 15:11:34","correlationId":"unknown-error-while-creating-correlation-id","data":{}}
{"level":"info","message":"Database connection established successfully","timestamp":"08-05-2026 15:11:34","correlationId":"unknown-error-while-creating-correlation-id","data":{}}
{"level":"error","message":"Redis connection error","timestamp":"08-05-2026 15:11:34","correlationId":"unknown-error-while-creating-correlation-id","data":{"code":"ECONNREFUSED","stack":"AggregateError\n    at internalConnectMultiple (node:net:1193:18)\n    at afterConnectMultiple (node:net:1783:7)"}}
{"level":"info","message":"server is listening on the port 3008","timestamp":"08-05-2026 15:11:39","correlationId":"unknown-error-while-creating-correlation-id","data":{}}
{"level":"error","message":"Redis connection error","timestamp":"08-05-2026 15:11:39","correlationId":"unknown-error-while-creating-correlation-id","data":{"code":"ECONNREFUSED","stack":"AggregateError\n    at internalConnectMultiple (node:net:1193:18)\n    at afterConnectMultiple (node:net:1783:7)"}}
{"level":"info","message":"Connected to mongodb successfully","timestamp":"08-05-2026 15:11:39","correlationId":"unknown-error-while-creating-correlation-id","data":{}}
{"level":"info","message":"Database connection established successfully","timestamp":"08-05-2026 15:11:39","correlationId":"unknown-error-while-creating-correlation-id","data":{}}
{"level":"error","message":"Redis connection error","timestamp":"08-05-2026 15:11:40","correlationId":"unknown-error-while-creating-correlation-id","data":{"code":"ECONNREFUSED","stack":"AggregateError\n    at internalConnectMultiple (node:net:1193:18)\n    at afterConnectMultiple (node:net:1783:7)"}}
{"level":"error","message":"Redis connection error","timestamp":"08-05-2026 15:11:40","correlationId":"unknown-error-while-creating-correlation-id","data":{"code":"ECONNREFUSED","stack":"AggregateError\n    at internalConnectMultiple (node:net:1193:18)\n    at afterConnectMultiple (node:net:1783:7)"}}
{"level":"error","message":"Redis connection error","timestamp":"08-05-2026 15:11:40","correlationId":"unknown-error-while-creating-correlation-id","data":{"code":"ECONNREFUSED","stack":"AggregateError\n    at internalConnectMultiple (node:net:1193:18)\n    at afterConnectMultiple (node:net:1783:7)"}}
{"level":"error","message":"Redis connection error","timestamp":"08-05-2026 15:11:41","correlationId":"unknown-error-while-creating-correlation-id","data":{"code":"ECONNREFUSED","stack":"AggregateError\n    at internalConnectMultiple (node:net:1193:18)\n    at afterConnectMultiple (node:net:1783:7)"}}
{"level":"error","message":"Redis connection error","timestamp":"08-05-2026 15:11:41","correlationId":"unknown-error-while-creating-correlation-id","data":{"code":"ECONNREFUSED","stack":"AggregateError\n    at internalConnectMultiple (node:net:1193:18)\n    at afterConnectMultiple (node:net:1783:7)"}}
{"level":"error","message":"Redis connection error","timestamp":"08-05-2026 15:11:43","correlationId":"unknown-error-while-creating-correlation-id","data":{"code":"ECONNREFUSED","stack":"AggregateError\n    at internalConnectMultiple (node:net:1193:18)\n    at afterConnectMultiple (node:net:1783:7)"}}
{"level":"error","message":"Redis connection error","timestamp":"08-05-2026 15:11:46","correlationId":"unknown-error-while-creating-correlation-id","data":{"code":"ECONNREFUSED","stack":"AggregateError\n    at internalConnectMultiple (node:net:1193:18)\n    at afterConnectMultiple (node:net:1783:7)"}}
{"level":"info","message":"server is listening on the port 3008","timestamp":"08-05-2026 15:13:07","correlationId":"unknown-error-while-creating-correlation-id","data":{}}
{"level":"error","message":"Redis connection error","timestamp":"08-05-2026 15:13:07","correlationId":"unknown-error-while-creating-correlation-id","data":{"code":"ECONNREFUSED","stack":"AggregateError\n    at internalConnectMultiple (node:net:1193:18)\n    at afterConnectMultiple (node:net:1783:7)"}}
{"level":"info","message":"Connected to mongodb successfully","timestamp":"08-05-2026 15:13:07","correlationId":"unknown-error-while-creating-correlation-id","data":{}}
{"level":"info","message":"Database connection established successfully","timestamp":"08-05-2026 15:13:07","correlationId":"unknown-error-while-creating-correlation-id","data":{}}
{"level":"error","message":"Redis connection error","timestamp":"08-05-2026 15:13:07","correlationId":"unknown-error-while-creating-correlation-id","data":{"code":"ECONNREFUSED","stack":"AggregateError\n    at internalConnectMultiple (node:net:1193:18)\n    at afterConnectMultiple (node:net:1783:7)"}}
{"level":"error","message":"Redis connection error","timestamp":"08-05-2026 15:13:07","correlationId":"unknown-error-while-creating-correlation-id","data":{"code":"ECONNREFUSED","stack":"AggregateError\n    at internalConnectMultiple (node:net:1193:18)\n    at afterConnectMultiple (node:net:1783:7)"}}
{"level":"error","message":"Redis connection error","timestamp":"08-05-2026 15:13:08","correlationId":"unknown-error-while-creating-correlation-id","data":{"code":"ECONNREFUSED","stack":"AggregateError\n    at internalConnectMultiple (node:net:1193:18)\n    at afterConnectMultiple (node:net:1783:7)"}}
{"level":"info","message":"server is listening on the port 3008","timestamp":"08-05-2026 15:13:11","correlationId":"unknown-error-while-creating-correlation-id","data":{}}
{"level":"error","message":"Redis connection error","timestamp":"08-05-2026 15:13:11","correlationId":"unknown-error-while-creating-correlation-id","data":{"code":"ECONNREFUSED","stack":"AggregateError\n    at internalConnectMultiple (node:net:1193:18)\n    at afterConnectMultiple (node:net:1783:7)"}}
{"level":"info","message":"Connected to mongodb successfully","timestamp":"08-05-2026 15:13:11","correlationId":"unknown-error-while-creating-correlation-id","data":{}}
{"level":"info","message":"Database connection established successfully","timestamp":"08-05-2026 15:13:11","correlationId":"unknown-error-while-creating-correlation-id","data":{}}
{"level":"error","message":"Redis connection error","timestamp":"08-05-2026 15:13:11","correlationId":"unknown-error-while-creating-correlation-id","data":{"code":"ECONNREFUSED","stack":"AggregateError\n    at internalConnectMultiple (node:net:1193:18)\n    at afterConnectMultiple (node:net:1783:7)"}}
{"level":"error","message":"Redis connection error","timestamp":"08-05-2026 15:13:11","correlationId":"unknown-error-while-creating-correlation-id","data":{"code":"ECONNREFUSED","stack":"AggregateError\n    at internalConnectMultiple (node:net:1193:18)\n    at afterConnectMultiple (node:net:1783:7)"}}
{"level":"error","message":"Redis connection error","timestamp":"08-05-2026 15:13:11","correlationId":"unknown-error-while-creating-correlation-id","data":{"code":"ECONNREFUSED","stack":"AggregateError\n    at internalConnectMultiple (node:net:1193:18)\n    at afterConnectMultiple (node:net:1783:7)"}}
{"level":"info","message":"server is listening on the port 3008","timestamp":"08-05-2026 15:13:14","correlationId":"unknown-error-while-creating-correlation-id","data":{}}
{"level":"error","message":"Redis connection error","timestamp":"08-05-2026 15:13:14","correlationId":"unknown-error-while-creating-correlation-id","data":{"code":"ECONNREFUSED","stack":"AggregateError\n    at internalConnectMultiple (node:net:1193:18)\n    at afterConnectMultiple (node:net:1783:7)"}}
{"level":"info","message":"Connected to mongodb successfully","timestamp":"08-05-2026 15:13:14","correlationId":"unknown-error-while-creating-correlation-id","data":{}}
{"level":"info","message":"Database connection established successfully","timestamp":"08-05-2026 15:13:14","correlationId":"unknown-error-while-creating-correlation-id","data":{}}
{"level":"error","message":"Redis connection error","timestamp":"08-05-2026 15:13:14","correlationId":"unknown-error-while-creating-correlation-id","data":{"code":"ECONNREFUSED","stack":"AggregateError\n    at internalConnectMultiple (node:net:1193:18)\n    at afterConnectMultiple (node:net:1783:7)"}}
{"level":"error","message":"Redis connection error","timestamp":"08-05-2026 15:13:15","correlationId":"unknown-error-while-creating-correlation-id","data":{"code":"ECONNREFUSED","stack":"AggregateError\n    at internalConnectMultiple (node:net:1193:18)\n    at afterConnectMultiple (node:net:1783:7)"}}
{"level":"error","message":"Redis connection error","timestamp":"08-05-2026 15:13:15","correlationId":"unknown-error-while-creating-correlation-id","data":{"code":"ECONNREFUSED","stack":"AggregateError\n    at internalConnectMultiple (node:net:1193:18)\n    at afterConnectMultiple (node:net:1783:7)"}}
{"level":"error","message":"Redis connection error","timestamp":"08-05-2026 15:13:16","correlationId":"unknown-error-while-creating-correlation-id","data":{"code":"ECONNREFUSED","stack":"AggregateError\n    at internalConnectMultiple (node:net:1193:18)\n    at afterConnectMultiple (node:net:1783:7)"}}
{"level":"info","message":"server is listening on the port 3008","timestamp":"08-05-2026 15:13:21","correlationId":"unknown-error-while-creating-correlation-id","data":{}}
{"level":"error","message":"Redis connection error","timestamp":"08-05-2026 15:13:21","correlationId":"unknown-error-while-creating-correlation-id","data":{"code":"ECONNREFUSED","stack":"AggregateError\n    at internalConnectMultiple (node:net:1193:18)\n    at afterConnectMultiple (node:net:1783:7)"}}
{"level":"info","message":"Connected to mongodb successfully","timestamp":"08-05-2026 15:13:21","correlationId":"unknown-error-while-creating-correlation-id","data":{}}
{"level":"info","message":"Database connection established successfully","timestamp":"08-05-2026 15:13:21","correlationId":"unknown-error-while-creating-correlation-id","data":{}}
{"level":"error","message":"Redis connection error","timestamp":"08-05-2026 15:13:22","correlationId":"unknown-error-while-creating-correlation-id","data":{"code":"ECONNREFUSED","stack":"AggregateError\n    at internalConnectMultiple (node:net:1193:18)\n    at afterConnectMultiple (node:net:1783:7)"}}
{"level":"error","message":"Redis connection error","timestamp":"08-05-2026 15:13:22","correlationId":"unknown-error-while-creating-correlation-id","data":{"code":"ECONNREFUSED","stack":"AggregateError\n    at internalConnectMultiple (node:net:1193:18)\n    at afterConnectMultiple (node:net:1783:7)"}}
{"level":"error","message":"Redis connection error","timestamp":"08-05-2026 15:13:22","correlationId":"unknown-error-while-creating-correlation-id","data":{"code":"ECONNREFUSED","stack":"AggregateError\n    at internalConnectMultiple (node:net:1193:18)\n    at afterConnectMultiple (node:net:1783:7)"}}
{"level":"error","message":"Redis connection error","timestamp":"08-05-2026 15:13:23","correlationId":"unknown-error-while-creating-correlation-id","data":{"code":"ECONNREFUSED","stack":"AggregateError\n    at internalConnectMultiple (node:net:1193:18)\n    at afterConnectMultiple (node:net:1783:7)"}}
{"level":"error","message":"Redis connection error","timestamp":"08-05-2026 15:13:24","correlationId":"unknown-error-while-creating-correlation-id","data":{"code":"ECONNREFUSED","stack":"AggregateError\n    at internalConnectMultiple (node:net:1193:18)\n    at afterConnectMultiple (node:net:1783:7)"}}
{"level":"error","message":"Redis connection error","timestamp":"08-05-2026 15:13:26","correlationId":"unknown-error-while-creating-correlation-id","data":{"code":"ECONNREFUSED","stack":"AggregateError\n    at internalConnectMultiple (node:net:1193:18)\n    at afterConnectMultiple (node:net:1783:7)"}}
{"level":"error","message":"Redis connection error","timestamp":"08-05-2026 15:13:29","correlationId":"unknown-error-while-creating-correlation-id","data":{"code":"ECONNREFUSED","stack":"AggregateError\n    at internalConnectMultiple (node:net:1193:18)\n    at afterConnectMultiple (node:net:1783:7)"}}
{"level":"error","message":"Redis connection error","timestamp":"08-05-2026 15:13:34","correlationId":"unknown-error-while-creating-correlation-id","data":{"code":"ECONNREFUSED","stack":"AggregateError\n    at internalConnectMultiple (node:net:1193:18)\n    at afterConnectMultiple (node:net:1783:7)"}}
{"level":"error","message":"Redis connection error","timestamp":"08-05-2026 15:13:39","correlationId":"unknown-error-while-creating-correlation-id","data":{"code":"ECONNREFUSED","stack":"AggregateError\n    at internalConnectMultiple (node:net:1193:18)\n    at afterConnectMultiple (node:net:1783:7)"}}
{"level":"error","message":"Redis connection error","timestamp":"08-05-2026 15:13:44","correlationId":"unknown-error-while-creating-correlation-id","data":{"code":"ECONNREFUSED","stack":"AggregateError\n    at internalConnectMultiple (node:net:1193:18)\n    at afterConnectMultiple (node:net:1783:7)"}}
{"level":"error","message":"Redis connection error","timestamp":"08-05-2026 15:13:49","correlationId":"unknown-error-while-creating-correlation-id","data":{"code":"ECONNREFUSED","stack":"AggregateError\n    at internalConnectMultiple (node:net:1193:18)\n    at afterConnectMultiple (node:net:1783:7)"}}
{"level":"error","message":"Redis connection error","timestamp":"08-05-2026 15:13:55","correlationId":"unknown-error-while-creating-correlation-id","data":{"code":"ECONNREFUSED","stack":"AggregateError\n    at internalConnectMultiple (node:net:1193:18)\n    at afterConnectMultiple (node:net:1783:7)"}}
{"level":"error","message":"Redis connection error","timestamp":"08-05-2026 15:14:00","correlationId":"unknown-error-while-creating-correlation-id","data":{"code":"ECONNREFUSED","stack":"AggregateError\n    at internalConnectMultiple (node:net:1193:18)\n    at afterConnectMultiple (node:net:1783:7)"}}
{"level":"error","message":"Redis connection error","timestamp":"08-05-2026 15:14:05","correlationId":"unknown-error-while-creating-correlation-id","data":{"code":"ECONNREFUSED","stack":"AggregateError\n    at internalConnectMultiple (node:net:1193:18)\n    at afterConnectMultiple (node:net:1783:7)"}}
{"level":"error","message":"Redis connection error","timestamp":"08-05-2026 15:14:10","correlationId":"unknown-error-while-creating-correlation-id","data":{"code":"ECONNREFUSED","stack":"AggregateError\n    at internalConnectMultiple (node:net:1193:18)\n    at afterConnectMultiple (node:net:1783:7)"}}
{"level":"error","message":"Redis connection error","timestamp":"08-05-2026 15:14:15","correlationId":"unknown-error-while-creating-correlation-id","data":{"code":"ECONNREFUSED","stack":"AggregateError\n    at internalConnectMultiple (node:net:1193:18)\n    at afterConnectMultiple (node:net:1783:7)"}}
{"level":"error","message":"Redis connection error","timestamp":"08-05-2026 15:14:20","correlationId":"unknown-error-while-creating-correlation-id","data":{"code":"ECONNREFUSED","stack":"AggregateError\n    at internalConnectMultiple (node:net:1193:18)\n    at afterConnectMultiple (node:net:1783:7)"}}
{"level":"error","message":"Redis connection error","timestamp":"08-05-2026 15:14:25","correlationId":"unknown-error-while-creating-correlation-id","data":{"code":"ECONNREFUSED","stack":"AggregateError\n    at internalConnectMultiple (node:net:1193:18)\n    at afterConnectMultiple (node:net:1783:7)"}}
{"level":"error","message":"Redis connection error","timestamp":"08-05-2026 15:14:30","correlationId":"unknown-error-while-creating-correlation-id","data":{"code":"ECONNREFUSED","stack":"AggregateError\n    at internalConnectMultiple (node:net:1193:18)\n    at afterConnectMultiple (node:net:1783:7)"}}
{"level":"error","message":"Redis connection error","timestamp":"08-05-2026 15:14:36","correlationId":"unknown-error-while-creating-correlation-id","data":{"code":"ECONNREFUSED","stack":"AggregateError\n    at internalConnectMultiple (node:net:1193:18)\n    at afterConnectMultiple (node:net:1783:7)"}}
{"level":"error","message":"Redis connection error","timestamp":"08-05-2026 15:14:41","correlationId":"unknown-error-while-creating-correlation-id","data":{"code":"ECONNREFUSED","stack":"AggregateError\n    at internalConnectMultiple (node:net:1193:18)\n    at afterConnectMultiple (node:net:1783:7)"}}
{"level":"error","message":"Redis connection error","timestamp":"08-05-2026 15:14:46","correlationId":"unknown-error-while-creating-correlation-id","data":{"code":"ECONNREFUSED","stack":"AggregateError\n    at internalConnectMultiple (node:net:1193:18)\n    at afterConnectMultiple (node:net:1783:7)"}}
{"level":"error","message":"Redis connection error","timestamp":"08-05-2026 15:14:51","correlationId":"unknown-error-while-creating-correlation-id","data":{"code":"ECONNREFUSED","stack":"AggregateError\n    at internalConnectMultiple (node:net:1193:18)\n    at afterConnectMultiple (node:net:1783:7)"}}
{"level":"error","message":"Redis connection error","timestamp":"08-05-2026 15:14:56","correlationId":"unknown-error-while-creating-correlation-id","data":{"code":"ECONNREFUSED","stack":"AggregateError\n    at internalConnectMultiple (node:net:1193:18)\n    at afterConnectMultiple (node:net:1783:7)"}}
{"level":"error","message":"Redis connection error","timestamp":"08-05-2026 15:15:01","correlationId":"unknown-error-while-creating-correlation-id","data":{"code":"ECONNREFUSED","stack":"AggregateError\n    at internalConnectMultiple (node:net:1193:18)\n    at afterConnectMultiple (node:net:1783:7)"}}
{"level":"error","message":"Redis connection error","timestamp":"08-05-2026 15:15:06","correlationId":"unknown-error-while-creating-correlation-id","data":{"code":"ECONNREFUSED","stack":"AggregateError\n    at internalConnectMultiple (node:net:1193:18)\n    at afterConnectMultiple (node:net:1783:7)"}}
{"level":"error","message":"Redis connection error","timestamp":"08-05-2026 15:15:12","correlationId":"unknown-error-while-creating-correlation-id","data":{"code":"ECONNREFUSED","stack":"AggregateError\n    at internalConnectMultiple (node:net:1193:18)\n    at afterConnectMultiple (node:net:1783:7)"}}
{"level":"error","message":"Redis connection error","timestamp":"08-05-2026 15:15:17","correlationId":"unknown-error-while-creating-correlation-id","data":{"code":"ECONNREFUSED","stack":"AggregateError\n    at internalConnectMultiple (node:net:1193:18)\n    at afterConnectMultiple (node:net:1783:7)"}}
{"level":"error","message":"Redis connection error","timestamp":"08-05-2026 15:15:22","correlationId":"unknown-error-while-creating-correlation-id","data":{"code":"ECONNREFUSED","stack":"AggregateError\n    at internalConnectMultiple (node:net:1193:18)\n    at afterConnectMultiple (node:net:1783:7)"}}
{"level":"error","message":"Redis connection error","timestamp":"08-05-2026 15:15:27","correlationId":"unknown-error-while-creating-correlation-id","data":{"code":"ECONNREFUSED","stack":"AggregateError\n    at internalConnectMultiple (node:net:1193:18)\n    at afterConnectMultiple (node:net:1783:7)"}}
{"level":"error","message":"Redis connection error","timestamp":"08-05-2026 15:15:32","correlationId":"unknown-error-while-creating-correlation-id","data":{"code":"ECONNREFUSED","stack":"AggregateError\n    at internalConnectMultiple (node:net:1193:18)\n    at afterConnectMultiple (node:net:1783:7)"}}
{"level":"error","message":"Redis connection error","timestamp":"08-05-2026 15:15:37","correlationId":"unknown-error-while-creating-correlation-id","data":{"code":"ECONNREFUSED","stack":"AggregateError\n    at internalConnectMultiple (node:net:1193:18)\n    at afterConnectMultiple (node:net:1783:7)"}}
{"level":"error","message":"Redis connection error","timestamp":"08-05-2026 15:15:42","correlationId":"unknown-error-while-creating-correlation-id","data":{"code":"ECONNREFUSED","stack":"AggregateError\n    at internalConnectMultiple (node:net:1193:18)\n    at afterConnectMultiple (node:net:1783:7)"}}
{"level":"error","message":"Redis connection error","timestamp":"08-05-2026 15:15:47","correlationId":"unknown-error-while-creating-correlation-id","data":{"code":"ECONNREFUSED","stack":"AggregateError\n    at internalConnectMultiple (node:net:1193:18)\n    at afterConnectMultiple (node:net:1783:7)"}}
{"level":"error","message":"Redis connection error","timestamp":"08-05-2026 15:15:53","correlationId":"unknown-error-while-creating-correlation-id","data":{"code":"ECONNREFUSED","stack":"AggregateError\n    at internalConnectMultiple (node:net:1193:18)\n    at afterConnectMultiple (node:net:1783:7)"}}
{"level":"error","message":"Redis connection error","timestamp":"08-05-2026 15:15:58","correlationId":"unknown-error-while-creating-correlation-id","data":{"code":"ECONNREFUSED","stack":"AggregateError\n    at internalConnectMultiple (node:net:1193:18)\n    at afterConnectMultiple (node:net:1783:7)"}}
{"level":"error","message":"Redis connection error","timestamp":"08-05-2026 15:16:03","correlationId":"unknown-error-while-creating-correlation-id","data":{"code":"ECONNREFUSED","stack":"AggregateError\n    at internalConnectMultiple (node:net:1193:18)\n    at afterConnectMultiple (node:net:1783:7)"}}
{"level":"error","message":"Redis connection error","timestamp":"08-05-2026 15:16:08","correlationId":"unknown-error-while-creating-correlation-id","data":{"code":"ECONNREFUSED","stack":"AggregateError\n    at internalConnectMultiple (node:net:1193:18)\n    at afterConnectMultiple (node:net:1783:7)"}}
{"level":"error","message":"Redis connection error","timestamp":"08-05-2026 15:16:13","correlationId":"unknown-error-while-creating-correlation-id","data":{"code":"ECONNREFUSED","stack":"AggregateError\n    at internalConnectMultiple (node:net:1193:18)\n    at afterConnectMultiple (node:net:1783:7)"}}
{"level":"error","message":"Redis connection error","timestamp":"08-05-2026 15:16:18","correlationId":"unknown-error-while-creating-correlation-id","data":{"code":"ECONNREFUSED","stack":"AggregateError\n    at internalConnectMultiple (node:net:1193:18)\n    at afterConnectMultiple (node:net:1783:7)"}}
{"level":"error","message":"Redis connection error","timestamp":"08-05-2026 15:16:23","correlationId":"unknown-error-while-creating-correlation-id","data":{"code":"ECONNREFUSED","stack":"AggregateError\n    at internalConnectMultiple (node:net:1193:18)\n    at afterConnectMultiple (node:net:1783:7)"}}
{"level":"error","message":"Redis connection error","timestamp":"08-05-2026 15:16:28","correlationId":"unknown-error-while-creating-correlation-id","data":{"code":"ECONNREFUSED","stack":"AggregateError\n    at internalConnectMultiple (node:net:1193:18)\n    at afterConnectMultiple (node:net:1783:7)"}}
{"level":"error","message":"Redis connection error","timestamp":"08-05-2026 15:16:33","correlationId":"unknown-error-while-creating-correlation-id","data":{"code":"ECONNREFUSED","stack":"AggregateError\n    at internalConnectMultiple (node:net:1193:18)\n    at afterConnectMultiple (node:net:1783:7)"}}
{"level":"error","message":"Redis connection error","timestamp":"08-05-2026 15:16:39","correlationId":"unknown-error-while-creating-correlation-id","data":{"code":"ECONNREFUSED","stack":"AggregateError\n    at internalConnectMultiple (node:net:1193:18)\n    at afterConnectMultiple (node:net:1783:7)"}}
{"level":"error","message":"Redis connection error","timestamp":"08-05-2026 15:16:44","correlationId":"unknown-error-while-creating-correlation-id","data":{"code":"ECONNREFUSED","stack":"AggregateError\n    at internalConnectMultiple (node:net:1193:18)\n    at afterConnectMultiple (node:net:1783:7)"}}
{"level":"error","message":"Redis connection error","timestamp":"08-05-2026 15:16:49","correlationId":"unknown-error-while-creating-correlation-id","data":{"code":"ECONNREFUSED","stack":"AggregateError\n    at internalConnectMultiple (node:net:1193:18)\n    at afterConnectMultiple (node:net:1783:7)"}}
{"level":"error","message":"Redis connection error","timestamp":"08-05-2026 15:16:54","correlationId":"unknown-error-while-creating-correlation-id","data":{"code":"ECONNREFUSED","stack":"AggregateError\n    at internalConnectMultiple (node:net:1193:18)\n    at afterConnectMultiple (node:net:1783:7)"}}
{"level":"error","message":"Redis connection error","timestamp":"08-05-2026 15:16:59","correlationId":"unknown-error-while-creating-correlation-id","data":{"code":"ECONNREFUSED","stack":"AggregateError\n    at internalConnectMultiple (node:net:1193:18)\n    at afterConnectMultiple (node:net:1783:7)"}}
{"level":"error","message":"Redis connection error","timestamp":"08-05-2026 15:17:04","correlationId":"unknown-error-while-creating-correlation-id","data":{"code":"ECONNREFUSED","stack":"AggregateError\n    at internalConnectMultiple (node:net:1193:18)\n    at afterConnectMultiple (node:net:1783:7)"}}
{"level":"error","message":"Redis connection error","timestamp":"08-05-2026 15:17:09","correlationId":"unknown-error-while-creating-correlation-id","data":{"code":"ECONNREFUSED","stack":"AggregateError\n    at internalConnectMultiple (node:net:1193:18)\n    at afterConnectMultiple (node:net:1783:7)"}}
{"level":"error","message":"Redis connection error","timestamp":"08-05-2026 15:17:14","correlationId":"unknown-error-while-creating-correlation-id","data":{"code":"ECONNREFUSED","stack":"AggregateError\n    at internalConnectMultiple (node:net:1193:18)\n    at afterConnectMultiple (node:net:1783:7)"}}
{"level":"error","message":"Redis connection error","timestamp":"08-05-2026 15:17:20","correlationId":"unknown-error-while-creating-correlation-id","data":{"code":"ECONNREFUSED","stack":"AggregateError\n    at internalConnectMultiple (node:net:1193:18)\n    at afterConnectMultiple (node:net:1783:7)"}}
{"level":"error","message":"Redis connection error","timestamp":"08-05-2026 15:17:25","correlationId":"unknown-error-while-creating-correlation-id","data":{"code":"ECONNREFUSED","stack":"AggregateError\n    at internalConnectMultiple (node:net:1193:18)\n    at afterConnectMultiple (node:net:1783:7)"}}
{"level":"error","message":"Redis connection error","timestamp":"08-05-2026 15:17:30","correlationId":"unknown-error-while-creating-correlation-id","data":{"code":"ECONNREFUSED","stack":"AggregateError\n    at internalConnectMultiple (node:net:1193:18)\n    at afterConnectMultiple (node:net:1783:7)"}}
{"level":"error","message":"Redis connection error","timestamp":"08-05-2026 15:17:35","correlationId":"unknown-error-while-creating-correlation-id","data":{"code":"ECONNREFUSED","stack":"AggregateError\n    at internalConnectMultiple (node:net:1193:18)\n    at afterConnectMultiple (node:net:1783:7)"}}
{"level":"error","message":"Redis connection error","timestamp":"08-05-2026 15:17:40","correlationId":"unknown-error-while-creating-correlation-id","data":{"code":"ECONNREFUSED","stack":"AggregateError\n    at internalConnectMultiple (node:net:1193:18)\n    at afterConnectMultiple (node:net:1783:7)"}}
{"level":"error","message":"Redis connection error","timestamp":"08-05-2026 15:17:45","correlationId":"unknown-error-while-creating-correlation-id","data":{"code":"ECONNREFUSED","stack":"AggregateError\n    at internalConnectMultiple (node:net:1193:18)\n    at afterConnectMultiple (node:net:1783:7)"}}
{"level":"error","message":"Redis connection error","timestamp":"08-05-2026 15:17:50","correlationId":"unknown-error-while-creating-correlation-id","data":{"code":"ECONNREFUSED","stack":"AggregateError\n    at internalConnectMultiple (node:net:1193:18)\n    at afterConnectMultiple (node:net:1783:7)"}}
{"level":"error","message":"Redis connection error","timestamp":"08-05-2026 15:17:55","correlationId":"unknown-error-while-creating-correlation-id","data":{"code":"ECONNREFUSED","stack":"AggregateError\n    at internalConnectMultiple (node:net:1193:18)\n    at afterConnectMultiple (node:net:1783:7)"}}
{"level":"error","message":"Redis connection error","timestamp":"08-05-2026 15:18:01","correlationId":"unknown-error-while-creating-correlation-id","data":{"code":"ECONNREFUSED","stack":"AggregateError\n    at internalConnectMultiple (node:net:1193:18)\n    at afterConnectMultiple (node:net:1783:7)"}}
{"level":"error","message":"Redis connection error","timestamp":"08-05-2026 15:18:06","correlationId":"unknown-error-while-creating-correlation-id","data":{"code":"ECONNREFUSED","stack":"AggregateError\n    at internalConnectMultiple (node:net:1193:18)\n    at afterConnectMultiple (node:net:1783:7)"}}
{"level":"error","message":"Redis connection error","timestamp":"08-05-2026 15:18:11","correlationId":"unknown-error-while-creating-correlation-id","data":{"code":"ECONNREFUSED","stack":"AggregateError\n    at internalConnectMultiple (node:net:1193:18)\n    at afterConnectMultiple (node:net:1783:7)"}}
{"level":"error","message":"Redis connection error","timestamp":"08-05-2026 15:18:16","correlationId":"unknown-error-while-creating-correlation-id","data":{"code":"ECONNREFUSED","stack":"AggregateError\n    at internalConnectMultiple (node:net:1193:18)\n    at afterConnectMultiple (node:net:1783:7)"}}
{"level":"error","message":"Redis connection error","timestamp":"08-05-2026 15:18:21","correlationId":"unknown-error-while-creating-correlation-id","data":{"code":"ECONNREFUSED","stack":"AggregateError\n    at internalConnectMultiple (node:net:1193:18)\n    at afterConnectMultiple (node:net:1783:7)"}}
{"level":"error","message":"Redis connection error","timestamp":"08-05-2026 15:18:27","correlationId":"unknown-error-while-creating-correlation-id","data":{"code":"ECONNREFUSED","stack":"AggregateError\n    at internalConnectMultiple (node:net:1193:18)\n    at afterConnectMultiple (node:net:1783:7)"}}
{"level":"error","message":"Redis connection error","timestamp":"08-05-2026 15:18:32","correlationId":"unknown-error-while-creating-correlation-id","data":{"code":"ECONNREFUSED","stack":"AggregateError\n    at internalConnectMultiple (node:net:1193:18)\n    at afterConnectMultiple (node:net:1783:7)"}}
{"level":"error","message":"Redis connection error","timestamp":"08-05-2026 15:18:37","correlationId":"unknown-error-while-creating-correlation-id","data":{"code":"ECONNREFUSED","stack":"AggregateError\n    at internalConnectMultiple (node:net:1193:18)\n    at afterConnectMultiple (node:net:1783:7)"}}
{"level":"error","message":"Redis connection error","timestamp":"08-05-2026 15:18:42","correlationId":"unknown-error-while-creating-correlation-id","data":{"code":"ECONNREFUSED","stack":"AggregateError\n    at internalConnectMultiple (node:net:1193:18)\n    at afterConnectMultiple (node:net:1783:7)"}}
{"level":"error","message":"Redis connection error","timestamp":"08-05-2026 15:18:47","correlationId":"unknown-error-while-creating-correlation-id","data":{"code":"ECONNREFUSED","stack":"AggregateError\n    at internalConnectMultiple (node:net:1193:18)\n    at afterConnectMultiple (node:net:1783:7)"}}
{"level":"error","message":"Redis connection error","timestamp":"08-05-2026 15:18:52","correlationId":"unknown-error-while-creating-correlation-id","data":{"code":"ECONNREFUSED","stack":"AggregateError\n    at internalConnectMultiple (node:net:1193:18)\n    at afterConnectMultiple (node:net:1783:7)"}}
{"level":"error","message":"Redis connection error","timestamp":"08-05-2026 15:18:57","correlationId":"unknown-error-while-creating-correlation-id","data":{"code":"ECONNREFUSED","stack":"AggregateError\n    at internalConnectMultiple (node:net:1193:18)\n    at afterConnectMultiple (node:net:1783:7)"}}
{"level":"error","message":"Redis connection error","timestamp":"08-05-2026 15:19:02","correlationId":"unknown-error-while-creating-correlation-id","data":{"code":"ECONNREFUSED","stack":"AggregateError\n    at internalConnectMultiple (node:net:1193:18)\n    at afterConnectMultiple (node:net:1783:7)"}}
{"level":"error","message":"Redis connection error","timestamp":"08-05-2026 15:19:07","correlationId":"unknown-error-while-creating-correlation-id","data":{"code":"ECONNREFUSED","stack":"AggregateError\n    at internalConnectMultiple (node:net:1193:18)\n    at afterConnectMultiple (node:net:1783:7)"}}
{"level":"error","message":"Redis connection error","timestamp":"08-05-2026 15:19:13","correlationId":"unknown-error-while-creating-correlation-id","data":{"code":"ECONNREFUSED","stack":"AggregateError\n    at internalConnectMultiple (node:net:1193:18)\n    at afterConnectMultiple (node:net:1783:7)"}}
{"level":"error","message":"Redis connection error","timestamp":"08-05-2026 15:19:18","correlationId":"unknown-error-while-creating-correlation-id","data":{"code":"ECONNREFUSED","stack":"AggregateError\n    at internalConnectMultiple (node:net:1193:18)\n    at afterConnectMultiple (node:net:1783:7)"}}
{"level":"error","message":"Redis connection error","timestamp":"08-05-2026 15:19:23","correlationId":"unknown-error-while-creating-correlation-id","data":{"code":"ECONNREFUSED","stack":"AggregateError\n    at internalConnectMultiple (node:net:1193:18)\n    at afterConnectMultiple (node:net:1783:7)"}}
{"level":"error","message":"Redis connection error","timestamp":"08-05-2026 15:19:28","correlationId":"unknown-error-while-creating-correlation-id","data":{"code":"ECONNREFUSED","stack":"AggregateError\n    at internalConnectMultiple (node:net:1193:18)\n    at afterConnectMultiple (node:net:1783:7)"}}
{"level":"error","message":"Redis connection error","timestamp":"08-05-2026 15:19:33","correlationId":"unknown-error-while-creating-correlation-id","data":{"code":"ECONNREFUSED","stack":"AggregateError\n    at internalConnectMultiple (node:net:1193:18)\n    at afterConnectMultiple (node:net:1783:7)"}}
{"level":"error","message":"Redis connection error","timestamp":"08-05-2026 15:19:38","correlationId":"unknown-error-while-creating-correlation-id","data":{"code":"ECONNREFUSED","stack":"AggregateError\n    at internalConnectMultiple (node:net:1193:18)\n    at afterConnectMultiple (node:net:1783:7)"}}
{"level":"error","message":"Redis connection error","timestamp":"08-05-2026 15:19:43","correlationId":"unknown-error-while-creating-correlation-id","data":{"code":"ECONNREFUSED","stack":"AggregateError\n    at internalConnectMultiple (node:net:1193:18)\n    at afterConnectMultiple (node:net:1783:7)"}}
{"level":"error","message":"Redis connection error","timestamp":"08-05-2026 15:19:48","correlationId":"unknown-error-while-creating-correlation-id","data":{"code":"ECONNREFUSED","stack":"AggregateError\n    at internalConnectMultiple (node:net:1193:18)\n    at afterConnectMultiple (node:net:1783:7)"}}
{"level":"error","message":"Redis connection error","timestamp":"08-05-2026 15:19:53","correlationId":"unknown-error-while-creating-correlation-id","data":{"code":"ECONNREFUSED","stack":"AggregateError\n    at internalConnectMultiple (node:net:1193:18)\n    at afterConnectMultiple (node:net:1783:7)"}}
{"level":"info","message":"Connected to redis successfully","timestamp":"08-05-2026 15:19:59","correlationId":"unknown-error-while-creating-correlation-id","data":{}}
{"level":"warn","message":"MongoDB disconnected","timestamp":"08-05-2026 15:20:20","correlationId":"unknown-error-while-creating-correlation-id","data":{}}
{"level":"info","message":"server is listening on the port 3008","timestamp":"08-05-2026 15:20:27","correlationId":"unknown-error-while-creating-correlation-id","data":{}}
{"level":"info","message":"Connected to redis successfully","timestamp":"08-05-2026 15:20:27","correlationId":"unknown-error-while-creating-correlation-id","data":{}}
{"level":"info","message":"Connected to mongodb successfully","timestamp":"08-05-2026 15:20:27","correlationId":"unknown-error-while-creating-correlation-id","data":{}}
{"level":"info","message":"Database connection established successfully","timestamp":"08-05-2026 15:20:27","correlationId":"unknown-error-while-creating-correlation-id","data":{}}
{"level":"info","message":"Validating request body","timestamp":"08-05-2026 15:21:31","correlationId":"25c551ba-4cce-4f2d-b228-cb2a5b2ae359","data":{}}
{"level":"info","message":"Request body is valid","timestamp":"08-05-2026 15:21:31","correlationId":"25c551ba-4cce-4f2d-b228-cb2a5b2ae359","data":{}}
{"level":"info","message":"server is listening on the port 3008","timestamp":"08-05-2026 15:26:32","correlationId":"unknown-error-while-creating-correlation-id","data":{}}
{"level":"info","message":"Connected to redis successfully","timestamp":"08-05-2026 15:26:32","correlationId":"unknown-error-while-creating-correlation-id","data":{}}
{"level":"info","message":"Connected to mongodb successfully","timestamp":"08-05-2026 15:26:32","correlationId":"unknown-error-while-creating-correlation-id","data":{}}
{"level":"info","message":"Database connection established successfully","timestamp":"08-05-2026 15:26:32","correlationId":"unknown-error-while-creating-correlation-id","data":{}}
{"level":"info","message":"server is listening on the port 3008","timestamp":"08-05-2026 15:26:37","correlationId":"unknown-error-while-creating-correlation-id","data":{}}
{"level":"info","message":"Connected to redis successfully","timestamp":"08-05-2026 15:26:37","correlationId":"unknown-error-while-creating-correlation-id","data":{}}
{"level":"info","message":"Connected to mongodb successfully","timestamp":"08-05-2026 15:26:37","correlationId":"unknown-error-while-creating-correlation-id","data":{}}
{"level":"info","message":"Database connection established successfully","timestamp":"08-05-2026 15:26:37","correlationId":"unknown-error-while-creating-correlation-id","data":{}}
{"level":"info","message":"server is listening on the port 3008","timestamp":"08-05-2026 15:26:42","correlationId":"unknown-error-while-creating-correlation-id","data":{}}
{"level":"info","message":"Connected to redis successfully","timestamp":"08-05-2026 15:26:42","correlationId":"unknown-error-while-creating-correlation-id","data":{}}
{"level":"info","message":"Connected to mongodb successfully","timestamp":"08-05-2026 15:26:42","correlationId":"unknown-error-while-creating-correlation-id","data":{}}
{"level":"info","message":"Database connection established successfully","timestamp":"08-05-2026 15:26:42","correlationId":"unknown-error-while-creating-correlation-id","data":{}}
{"level":"info","message":"server is listening on the port 3008","timestamp":"08-05-2026 15:26:45","correlationId":"unknown-error-while-creating-correlation-id","data":{}}
{"level":"info","message":"Connected to redis successfully","timestamp":"08-05-2026 15:26:45","correlationId":"unknown-error-while-creating-correlation-id","data":{}}
{"level":"info","message":"Connected to mongodb successfully","timestamp":"08-05-2026 15:26:45","correlationId":"unknown-error-while-creating-correlation-id","data":{}}
{"level":"info","message":"Database connection established successfully","timestamp":"08-05-2026 15:26:45","correlationId":"unknown-error-while-creating-correlation-id","data":{}}
{"level":"info","message":"server is listening on the port 3008","timestamp":"08-05-2026 15:26:47","correlationId":"unknown-error-while-creating-correlation-id","data":{}}
{"level":"info","message":"Connected to redis successfully","timestamp":"08-05-2026 15:26:47","correlationId":"unknown-error-while-creating-correlation-id","data":{}}
{"level":"info","message":"Connected to mongodb successfully","timestamp":"08-05-2026 15:26:47","correlationId":"unknown-error-while-creating-correlation-id","data":{}}
{"level":"info","message":"Database connection established successfully","timestamp":"08-05-2026 15:26:47","correlationId":"unknown-error-while-creating-correlation-id","data":{}}
{"level":"info","message":"server is listening on the port 3008","timestamp":"08-05-2026 15:26:52","correlationId":"unknown-error-while-creating-correlation-id","data":{}}
{"level":"info","message":"Connected to redis successfully","timestamp":"08-05-2026 15:26:52","correlationId":"unknown-error-while-creating-correlation-id","data":{}}
{"level":"info","message":"Connected to mongodb successfully","timestamp":"08-05-2026 15:26:52","correlationId":"unknown-error-while-creating-correlation-id","data":{}}
{"level":"info","message":"Database connection established successfully","timestamp":"08-05-2026 15:26:52","correlationId":"unknown-error-while-creating-correlation-id","data":{}}
{"level":"info","message":"server is listening on the port 3008","timestamp":"08-05-2026 15:27:18","correlationId":"unknown-error-while-creating-correlation-id","data":{}}
{"level":"info","message":"Connected to redis successfully","timestamp":"08-05-2026 15:27:18","correlationId":"unknown-error-while-creating-correlation-id","data":{}}
{"level":"info","message":"Connected to mongodb successfully","timestamp":"08-05-2026 15:27:18","correlationId":"unknown-error-while-creating-correlation-id","data":{}}
{"level":"info","message":"Database connection established successfully","timestamp":"08-05-2026 15:27:18","correlationId":"unknown-error-while-creating-correlation-id","data":{}}
{"level":"info","message":"server is listening on the port 3008","timestamp":"08-05-2026 15:27:24","correlationId":"unknown-error-while-creating-correlation-id","data":{}}
{"level":"info","message":"Connected to redis successfully","timestamp":"08-05-2026 15:27:24","correlationId":"unknown-error-while-creating-correlation-id","data":{}}
{"level":"info","message":"Connected to mongodb successfully","timestamp":"08-05-2026 15:27:24","correlationId":"unknown-error-while-creating-correlation-id","data":{}}
{"level":"info","message":"Database connection established successfully","timestamp":"08-05-2026 15:27:24","correlationId":"unknown-error-while-creating-correlation-id","data":{}}
{"level":"info","message":"server is listening on the port 3008","timestamp":"08-05-2026 15:27:30","correlationId":"unknown-error-while-creating-correlation-id","data":{}}
{"level":"info","message":"Connected to redis successfully","timestamp":"08-05-2026 15:27:30","correlationId":"unknown-error-while-creating-correlation-id","data":{}}
{"level":"info","message":"Connected to mongodb successfully","timestamp":"08-05-2026 15:27:30","correlationId":"unknown-error-while-creating-correlation-id","data":{}}
{"level":"info","message":"Database connection established successfully","timestamp":"08-05-2026 15:27:30","correlationId":"unknown-error-while-creating-correlation-id","data":{}}
{"level":"info","message":"server is listening on the port 3008","timestamp":"08-05-2026 15:28:05","correlationId":"unknown-error-while-creating-correlation-id","data":{}}
{"level":"info","message":"Connected to redis successfully","timestamp":"08-05-2026 15:28:05","correlationId":"unknown-error-while-creating-correlation-id","data":{}}
{"level":"info","message":"Connected to mongodb successfully","timestamp":"08-05-2026 15:28:05","correlationId":"unknown-error-while-creating-correlation-id","data":{}}
{"level":"info","message":"Database connection established successfully","timestamp":"08-05-2026 15:28:05","correlationId":"unknown-error-while-creating-correlation-id","data":{}}
{"level":"info","message":"server is listening on the port 3008","timestamp":"08-05-2026 15:29:22","correlationId":"unknown-error-while-creating-correlation-id","data":{}}
{"level":"info","message":"Connected to redis successfully","timestamp":"08-05-2026 15:29:22","correlationId":"unknown-error-while-creating-correlation-id","data":{}}
{"level":"info","message":"Connected to mongodb successfully","timestamp":"08-05-2026 15:29:23","correlationId":"unknown-error-while-creating-correlation-id","data":{}}
{"level":"info","message":"Database connection established successfully","timestamp":"08-05-2026 15:29:23","correlationId":"unknown-error-while-creating-correlation-id","data":{}}
{"level":"info","message":"server is listening on the port 3008","timestamp":"08-05-2026 15:30:14","correlationId":"unknown-error-while-creating-correlation-id","data":{}}
{"level":"info","message":"Connected to redis successfully","timestamp":"08-05-2026 15:30:14","correlationId":"unknown-error-while-creating-correlation-id","data":{}}
{"level":"info","message":"Connected to mongodb successfully","timestamp":"08-05-2026 15:30:14","correlationId":"unknown-error-while-creating-correlation-id","data":{}}
{"level":"info","message":"Database connection established successfully","timestamp":"08-05-2026 15:30:14","correlationId":"unknown-error-while-creating-correlation-id","data":{}}
{"level":"info","message":"server is listening on the port 3008","timestamp":"08-05-2026 15:30:17","correlationId":"unknown-error-while-creating-correlation-id","data":{}}
{"level":"info","message":"Connected to redis successfully","timestamp":"08-05-2026 15:30:17","correlationId":"unknown-error-while-creating-correlation-id","data":{}}
{"level":"info","message":"Connected to mongodb successfully","timestamp":"08-05-2026 15:30:17","correlationId":"unknown-error-while-creating-correlation-id","data":{}}
{"level":"info","message":"Database connection established successfully","timestamp":"08-05-2026 15:30:17","correlationId":"unknown-error-while-creating-correlation-id","data":{}}
{"level":"info","message":"server is listening on the port 3008","timestamp":"08-05-2026 15:31:11","correlationId":"unknown-error-while-creating-correlation-id","data":{}}
{"level":"info","message":"Connected to redis successfully","timestamp":"08-05-2026 15:31:11","correlationId":"unknown-error-while-creating-correlation-id","data":{}}
{"level":"info","message":"Connected to mongodb successfully","timestamp":"08-05-2026 15:31:11","correlationId":"unknown-error-while-creating-correlation-id","data":{}}
{"level":"info","message":"Database connection established successfully","timestamp":"08-05-2026 15:31:11","correlationId":"unknown-error-while-creating-correlation-id","data":{}}
{"level":"info","message":"server is listening on the port 3008","timestamp":"08-05-2026 15:31:14","correlationId":"unknown-error-while-creating-correlation-id","data":{}}
{"level":"info","message":"Connected to redis successfully","timestamp":"08-05-2026 15:31:14","correlationId":"unknown-error-while-creating-correlation-id","data":{}}
{"level":"info","message":"Connected to mongodb successfully","timestamp":"08-05-2026 15:31:14","correlationId":"unknown-error-while-creating-correlation-id","data":{}}
{"level":"info","message":"Database connection established successfully","timestamp":"08-05-2026 15:31:14","correlationId":"unknown-error-while-creating-correlation-id","data":{}}
{"level":"info","message":"server is listening on the port 3008","timestamp":"08-05-2026 15:32:43","correlationId":"unknown-error-while-creating-correlation-id","data":{}}
{"level":"info","message":"Connected to redis successfully","timestamp":"08-05-2026 15:32:43","correlationId":"unknown-error-while-creating-correlation-id","data":{}}
{"level":"info","message":"Connected to mongodb successfully","timestamp":"08-05-2026 15:32:43","correlationId":"unknown-error-while-creating-correlation-id","data":{}}
{"level":"info","message":"Database connection established successfully","timestamp":"08-05-2026 15:32:43","correlationId":"unknown-error-while-creating-correlation-id","data":{}}
{"level":"info","message":"Validating request body","timestamp":"08-05-2026 15:33:15","correlationId":"8a027bc9-afd9-4f5f-904f-34a9524e7b7e","data":{}}
{"level":"error","message":"Request body is invalid","timestamp":"08-05-2026 15:33:15","correlationId":"8a027bc9-afd9-4f5f-904f-34a9524e7b7e","data":{}}
{"level":"info","message":"Validating request body","timestamp":"08-05-2026 15:33:44","correlationId":"948dbe6c-c51a-428f-a763-039f3100b374","data":{}}
{"level":"info","message":"Request body is valid","timestamp":"08-05-2026 15:33:44","correlationId":"948dbe6c-c51a-428f-a763-039f3100b374","data":{}}
{"level":"info","message":"Validating request body","timestamp":"08-05-2026 15:34:04","correlationId":"ffcb7ad1-109d-46db-a36e-2269488b0197","data":{}}
{"level":"info","message":"Request body is valid","timestamp":"08-05-2026 15:34:04","correlationId":"ffcb7ad1-109d-46db-a36e-2269488b0197","data":{}}
{"level":"info","message":"server is listening on the port 3008","timestamp":"08-05-2026 15:37:57","correlationId":"unknown-error-while-creating-correlation-id","data":{}}
{"level":"info","message":"Connected to redis successfully","timestamp":"08-05-2026 15:37:57","correlationId":"unknown-error-while-creating-correlation-id","data":{}}
{"level":"info","message":"Connected to mongodb successfully","timestamp":"08-05-2026 15:37:57","correlationId":"unknown-error-while-creating-correlation-id","data":{}}
{"level":"info","message":"Database connection established successfully","timestamp":"08-05-2026 15:37:57","correlationId":"unknown-error-while-creating-correlation-id","data":{}}
{"level":"info","message":"server is listening on the port 3008","timestamp":"08-05-2026 15:38:02","correlationId":"unknown-error-while-creating-correlation-id","data":{}}
{"level":"info","message":"Connected to redis successfully","timestamp":"08-05-2026 15:38:02","correlationId":"unknown-error-while-creating-correlation-id","data":{}}
{"level":"info","message":"Connected to mongodb successfully","timestamp":"08-05-2026 15:38:02","correlationId":"unknown-error-while-creating-correlation-id","data":{}}
{"level":"info","message":"Database connection established successfully","timestamp":"08-05-2026 15:38:02","correlationId":"unknown-error-while-creating-correlation-id","data":{}}
{"level":"info","message":"server is listening on the port 3008","timestamp":"08-05-2026 15:38:09","correlationId":"unknown-error-while-creating-correlation-id","data":{}}
{"level":"info","message":"Connected to redis successfully","timestamp":"08-05-2026 15:38:09","correlationId":"unknown-error-while-creating-correlation-id","data":{}}
{"level":"info","message":"Connected to mongodb successfully","timestamp":"08-05-2026 15:38:09","correlationId":"unknown-error-while-creating-correlation-id","data":{}}
{"level":"info","message":"Database connection established successfully","timestamp":"08-05-2026 15:38:09","correlationId":"unknown-error-while-creating-correlation-id","data":{}}
{"level":"info","message":"server is listening on the port 3008","timestamp":"08-05-2026 15:38:43","correlationId":"unknown-error-while-creating-correlation-id","data":{}}
{"level":"info","message":"Connected to redis successfully","timestamp":"08-05-2026 15:38:43","correlationId":"unknown-error-while-creating-correlation-id","data":{}}
{"level":"info","message":"Connected to mongodb successfully","timestamp":"08-05-2026 15:38:43","correlationId":"unknown-error-while-creating-correlation-id","data":{}}
{"level":"info","message":"Database connection established successfully","timestamp":"08-05-2026 15:38:43","correlationId":"unknown-error-while-creating-correlation-id","data":{}}
{"level":"info","message":"server is listening on the port 3008","timestamp":"08-05-2026 15:39:34","correlationId":"unknown-error-while-creating-correlation-id","data":{}}
{"level":"info","message":"Connected to redis successfully","timestamp":"08-05-2026 15:39:34","correlationId":"unknown-error-while-creating-correlation-id","data":{}}
{"level":"info","message":"Connected to mongodb successfully","timestamp":"08-05-2026 15:39:34","correlationId":"unknown-error-while-creating-correlation-id","data":{}}
{"level":"info","message":"Database connection established successfully","timestamp":"08-05-2026 15:39:34","correlationId":"unknown-error-while-creating-correlation-id","data":{}}
{"level":"info","message":"server is listening on the port 3008","timestamp":"08-05-2026 15:39:48","correlationId":"unknown-error-while-creating-correlation-id","data":{}}
{"level":"info","message":"Connected to redis successfully","timestamp":"08-05-2026 15:39:49","correlationId":"unknown-error-while-creating-correlation-id","data":{}}
{"level":"info","message":"Connected to mongodb successfully","timestamp":"08-05-2026 15:39:49","correlationId":"unknown-error-while-creating-correlation-id","data":{}}
{"level":"info","message":"Database connection established successfully","timestamp":"08-05-2026 15:39:49","correlationId":"unknown-error-while-creating-correlation-id","data":{}}
{"level":"info","message":"server is listening on the port 3008","timestamp":"08-05-2026 15:40:04","correlationId":"unknown-error-while-creating-correlation-id","data":{}}
{"level":"info","message":"Connected to redis successfully","timestamp":"08-05-2026 15:40:04","correlationId":"unknown-error-while-creating-correlation-id","data":{}}
{"level":"info","message":"Connected to mongodb successfully","timestamp":"08-05-2026 15:40:04","correlationId":"unknown-error-while-creating-correlation-id","data":{}}
{"level":"info","message":"Database connection established successfully","timestamp":"08-05-2026 15:40:04","correlationId":"unknown-error-while-creating-correlation-id","data":{}}
{"level":"info","message":"server is listening on the port 3008","timestamp":"08-05-2026 15:40:19","correlationId":"unknown-error-while-creating-correlation-id","data":{}}
{"level":"info","message":"Connected to redis successfully","timestamp":"08-05-2026 15:40:19","correlationId":"unknown-error-while-creating-correlation-id","data":{}}
{"level":"info","message":"Connected to mongodb successfully","timestamp":"08-05-2026 15:40:19","correlationId":"unknown-error-while-creating-correlation-id","data":{}}
{"level":"info","message":"Database connection established successfully","timestamp":"08-05-2026 15:40:19","correlationId":"unknown-error-while-creating-correlation-id","data":{}}
{"level":"info","message":"Validating request body","timestamp":"08-05-2026 15:42:04","correlationId":"16a6d24f-5a72-4647-9c7c-ddb82956696a","data":{}}
{"level":"info","message":"Request body is valid","timestamp":"08-05-2026 15:42:04","correlationId":"16a6d24f-5a72-4647-9c7c-ddb82956696a","data":{}}
{"level":"info","message":"Validating request body","timestamp":"08-05-2026 15:42:32","correlationId":"42ff4c99-93e5-4c2b-bd88-0d1c04be54ef","data":{}}
{"level":"info","message":"Request body is valid","timestamp":"08-05-2026 15:42:32","correlationId":"42ff4c99-93e5-4c2b-bd88-0d1c04be54ef","data":{}}
{"level":"warn","message":"MongoDB disconnected","timestamp":"08-05-2026 15:45:45","correlationId":"unknown-error-while-creating-correlation-id","data":{}}
{"level":"info","message":"server is listening on the port 3008","timestamp":"08-05-2026 16:01:58","correlationId":"unknown-error-while-creating-correlation-id","data":{}}
{"level":"info","message":"Connected to redis successfully","timestamp":"08-05-2026 16:01:58","correlationId":"unknown-error-while-creating-correlation-id","data":{}}
{"level":"info","message":"Connected to mongodb successfully","timestamp":"08-05-2026 16:01:58","correlationId":"unknown-error-while-creating-correlation-id","data":{}}
{"level":"info","message":"Database connection established successfully","timestamp":"08-05-2026 16:01:58","correlationId":"unknown-error-while-creating-correlation-id","data":{}}
{"level":"info","message":"Validating request body","timestamp":"08-05-2026 16:02:53","correlationId":"d4779171-af60-4d93-88f7-b2fc58814138","data":{}}
{"level":"info","message":"Request body is valid","timestamp":"08-05-2026 16:02:53","correlationId":"d4779171-af60-4d93-88f7-b2fc58814138","data":{}}
{"level":"info","message":"Validating request body","timestamp":"08-05-2026 16:03:32","correlationId":"de0d0a76-c15d-4c48-a0cb-758c472fa2e8","data":{}}
{"level":"info","message":"Request body is valid","timestamp":"08-05-2026 16:03:32","correlationId":"de0d0a76-c15d-4c48-a0cb-758c472fa2e8","data":{}}
{"level":"info","message":"Validating request body","timestamp":"08-05-2026 16:03:34","correlationId":"b350816f-a985-429f-a76f-45d29127f9fb","data":{}}
{"level":"info","message":"Request body is valid","timestamp":"08-05-2026 16:03:34","correlationId":"b350816f-a985-429f-a76f-45d29127f9fb","data":{}}
{"level":"info","message":"Validating request body","timestamp":"08-05-2026 16:03:36","correlationId":"59849f13-6ef8-46e2-9024-fbd780801368","data":{}}
{"level":"info","message":"Request body is valid","timestamp":"08-05-2026 16:03:36","correlationId":"59849f13-6ef8-46e2-9024-fbd780801368","data":{}}
{"level":"warn","message":"MongoDB disconnected","timestamp":"08-05-2026 16:03:43","correlationId":"unknown-error-while-creating-correlation-id","data":{}}
